../Core/Src/main.c:88:6:litBit	16	static
../Core/Src/main.c:99:6:displayNumber	16	static
../Core/Src/main.c:105:6:enableDigit	16	static
../Core/Src/main.c:128:6:disableDigit	16	static
../Core/Src/main.c:151:6:disableAllDigit	8	static
../Core/Src/main.c:166:5:main	40	static
../Core/Src/main.c:247:6:SystemClock_Config	96	static
../Core/Src/main.c:302:13:MX_I2C1_Init	8	static
../Core/Src/main.c:350:13:MX_RTC_Init	32	static
../Core/Src/main.c:410:13:MX_GPIO_Init	40	static
../Core/Src/main.c:459:6:Error_Handler	4	static,ignoring_inline_asm
